// Jest Snapshot v1, https://goo.gl/fbAQLP

exports[`Button  1`] = `
.emotion-0 {
  position: relative;
  overflow: hidden;
  margin: 8px 0px;
  padding: 15px 30px;
  border-radius: 50px;
  background-color: #fff;
  outline: none;
  border: none;
}

.emotion-0 .button-label {
  position: relative;
  z-index: 3;
  font-size: 1.5em;
  color: #000;
  font-weight: 500;
}

<body>
  <div>
    <button
      class="button-container  emotion-0"
    >
      <span
        class="button-label"
      >
        Hello World
      </span>
    </button>
  </div>
</body>
`;
