// Jest Snapshot v1, https://goo.gl/fbAQLP

exports[`HeaderWithIcon Create HeaderWithIcon with {"arrow": false, "first": true, "icon": [Object]} 1`] = `
.emotion-0 {
  margin-top: 100px;
  height: calc(
                  100% - 100px
                );
  width: 100%;
  -webkit-flex: 1;
  -ms-flex: 1;
  flex: 1;
  display: -webkit-box;
  display: -webkit-flex;
  display: -ms-flexbox;
  display: flex;
  -webkit-box-pack: center;
  -ms-flex-pack: center;
  -webkit-justify-content: center;
  justify-content: center;
}

@media (min-width: 600px) {
  .emotion-0 {
    -webkit-flex-direction: row;
    -ms-flex-direction: row;
    flex-direction: row;
  }

  .emotion-0>* {
    -webkit-flex: 1;
    -ms-flex: 1;
    flex: 1;
  }

  .emotion-0>:first-of-type {
    display: -webkit-box;
    display: -webkit-flex;
    display: -ms-flexbox;
    display: flex;
    -webkit-align-items: center;
    -webkit-box-align: center;
    -ms-flex-align: center;
    align-items: center;
    -webkit-box-pack: center;
    -ms-flex-pack: center;
    -webkit-justify-content: center;
    justify-content: center;
  }
}

@media (max-width: 900px) {
  .emotion-0>:last-child {
    position: absolute;
    left: 0;
    top: 0;
    width: 100%;
    z-index: -1;
    opacity: 0.3;
    padding: 0px 25%;
    height: 100%;
    overflow: hidden;
  }

  .emotion-0 {
    -webkit-flex-direction: column;
    -ms-flex-direction: column;
    flex-direction: column;
    -webkit-align-items: center;
    -webkit-box-align: center;
    -ms-flex-align: center;
    align-items: center;
  }

  .emotion-0>* {
    -webkit-flex: 1;
    -ms-flex: 1;
    flex: 1;
  }

  .emotion-0 h1,
  .emotion-0 h2,
  .emotion-0 h3.h4,
  .emotion-0 h5,
  .emotion-0 h6,
  .emotion-0 p,
  .emotion-0 span {
    text-align: center;
  }

  .emotion-0>:first-of-type {
    -webkit-flex: 1;
    -ms-flex: 1;
    flex: 1;
    width: 100%;
    display: -webkit-box;
    display: -webkit-flex;
    display: -ms-flexbox;
    display: flex;
    -webkit-flex-direction: column;
    -ms-flex-direction: column;
    flex-direction: column;
    -webkit-box-pack: center;
    -ms-flex-pack: center;
    -webkit-justify-content: center;
    justify-content: center;
  }
}

.emotion-1 {
  display: -webkit-box;
  display: -webkit-flex;
  display: -ms-flexbox;
  display: flex;
  -webkit-box-pack: center;
  -ms-flex-pack: center;
  -webkit-justify-content: center;
  justify-content: center;
  -webkit-align-items: center;
  -webkit-box-align: center;
  -ms-flex-align: center;
  align-items: center;
  padding-bottom: 100px;
}

<header
  class="emotion-0"
>
  <div
    style="opacity: 0; transform: translateY(-200px) translateZ(0);"
  />
  <div
    class="emotion-1"
  >
    <svg
      aria-hidden="true"
      class="MuiSvgIcon-root"
      focusable="false"
      viewBox="0 0 24 24"
    >
      <path
        d="M22 11h-4.17l3.24-3.24-1.41-1.42L15 11h-2V9l4.66-4.66-1.42-1.41L13 6.17V2h-2v4.17L7.76 2.93 6.34 4.34 11 9v2H9L4.34 6.34 2.93 7.76 6.17 11H2v2h4.17l-3.24 3.24 1.41 1.42L9 13h2v2l-4.66 4.66 1.42 1.41L11 17.83V22h2v-4.17l3.24 3.24 1.42-1.41L13 15v-2h2l4.66 4.66 1.41-1.42L17.83 13H22z"
      />
    </svg>
  </div>
</header>
`;

exports[`HeaderWithIcon Create HeaderWithIcon with {"arrow": true, "first": false, "icon": [Object]} 1`] = `
.emotion-0 {
  margin-top: 100px;
  height: calc(
                  100% - 100px
                );
  width: 100%;
  -webkit-flex: 1;
  -ms-flex: 1;
  flex: 1;
  display: -webkit-box;
  display: -webkit-flex;
  display: -ms-flexbox;
  display: flex;
  -webkit-box-pack: center;
  -ms-flex-pack: center;
  -webkit-justify-content: center;
  justify-content: center;
}

@media (min-width: 600px) {
  .emotion-0 {
    -webkit-flex-direction: row;
    -ms-flex-direction: row;
    flex-direction: row;
  }

  .emotion-0>* {
    -webkit-flex: 1;
    -ms-flex: 1;
    flex: 1;
  }

  .emotion-0>:first-of-type {
    display: -webkit-box;
    display: -webkit-flex;
    display: -ms-flexbox;
    display: flex;
    -webkit-align-items: center;
    -webkit-box-align: center;
    -ms-flex-align: center;
    align-items: center;
    -webkit-box-pack: center;
    -ms-flex-pack: center;
    -webkit-justify-content: center;
    justify-content: center;
  }
}

@media (max-width: 900px) {
  .emotion-0>:last-child {
    position: absolute;
    left: 0;
    top: 0;
    width: 100%;
    z-index: -1;
    opacity: 0.3;
    padding: 0px 25%;
    height: 100%;
    overflow: hidden;
  }

  .emotion-0 {
    -webkit-flex-direction: column;
    -ms-flex-direction: column;
    flex-direction: column;
    -webkit-align-items: center;
    -webkit-box-align: center;
    -ms-flex-align: center;
    align-items: center;
  }

  .emotion-0>* {
    -webkit-flex: 1;
    -ms-flex: 1;
    flex: 1;
  }

  .emotion-0 h1,
  .emotion-0 h2,
  .emotion-0 h3.h4,
  .emotion-0 h5,
  .emotion-0 h6,
  .emotion-0 p,
  .emotion-0 span {
    text-align: center;
  }

  .emotion-0>:first-of-type {
    -webkit-flex: 1;
    -ms-flex: 1;
    flex: 1;
    width: 100%;
    display: -webkit-box;
    display: -webkit-flex;
    display: -ms-flexbox;
    display: flex;
    -webkit-flex-direction: column;
    -ms-flex-direction: column;
    flex-direction: column;
    -webkit-box-pack: center;
    -ms-flex-pack: center;
    -webkit-justify-content: center;
    justify-content: center;
  }
}

.emotion-1 {
  display: -webkit-box;
  display: -webkit-flex;
  display: -ms-flexbox;
  display: flex;
  -webkit-box-pack: center;
  -ms-flex-pack: center;
  -webkit-justify-content: center;
  justify-content: center;
  -webkit-align-items: center;
  -webkit-box-align: center;
  -ms-flex-align: center;
  align-items: center;
  padding-bottom: 100px;
}

<header
  class="emotion-0"
>
  <div
    style="opacity: 0; transform: translateY(-200px) translateZ(0);"
  />
  <div
    class="emotion-1"
  >
    <svg
      aria-hidden="true"
      class="MuiSvgIcon-root"
      focusable="false"
      viewBox="0 0 24 24"
    >
      <path
        d="M22 11h-4.17l3.24-3.24-1.41-1.42L15 11h-2V9l4.66-4.66-1.42-1.41L13 6.17V2h-2v4.17L7.76 2.93 6.34 4.34 11 9v2H9L4.34 6.34 2.93 7.76 6.17 11H2v2h4.17l-3.24 3.24 1.41 1.42L9 13h2v2l-4.66 4.66 1.42 1.41L11 17.83V22h2v-4.17l3.24 3.24 1.42-1.41L13 15v-2h2l4.66 4.66 1.41-1.42L17.83 13H22z"
      />
    </svg>
  </div>
</header>
`;

exports[`HeaderWithIcon Create HeaderWithIcon with {"arrow": true, "first": true, "icon": [Object]} 1`] = `
.emotion-0 {
  margin-top: 100px;
  height: calc(
                  100% - 100px
                );
  width: 100%;
  -webkit-flex: 1;
  -ms-flex: 1;
  flex: 1;
  display: -webkit-box;
  display: -webkit-flex;
  display: -ms-flexbox;
  display: flex;
  -webkit-box-pack: center;
  -ms-flex-pack: center;
  -webkit-justify-content: center;
  justify-content: center;
}

@media (min-width: 600px) {
  .emotion-0 {
    -webkit-flex-direction: row;
    -ms-flex-direction: row;
    flex-direction: row;
  }

  .emotion-0>* {
    -webkit-flex: 1;
    -ms-flex: 1;
    flex: 1;
  }

  .emotion-0>:first-of-type {
    display: -webkit-box;
    display: -webkit-flex;
    display: -ms-flexbox;
    display: flex;
    -webkit-align-items: center;
    -webkit-box-align: center;
    -ms-flex-align: center;
    align-items: center;
    -webkit-box-pack: center;
    -ms-flex-pack: center;
    -webkit-justify-content: center;
    justify-content: center;
  }
}

@media (max-width: 900px) {
  .emotion-0>:last-child {
    position: absolute;
    left: 0;
    top: 0;
    width: 100%;
    z-index: -1;
    opacity: 0.3;
    padding: 0px 25%;
    height: 100%;
    overflow: hidden;
  }

  .emotion-0 {
    -webkit-flex-direction: column;
    -ms-flex-direction: column;
    flex-direction: column;
    -webkit-align-items: center;
    -webkit-box-align: center;
    -ms-flex-align: center;
    align-items: center;
  }

  .emotion-0>* {
    -webkit-flex: 1;
    -ms-flex: 1;
    flex: 1;
  }

  .emotion-0 h1,
  .emotion-0 h2,
  .emotion-0 h3.h4,
  .emotion-0 h5,
  .emotion-0 h6,
  .emotion-0 p,
  .emotion-0 span {
    text-align: center;
  }

  .emotion-0>:first-of-type {
    -webkit-flex: 1;
    -ms-flex: 1;
    flex: 1;
    width: 100%;
    display: -webkit-box;
    display: -webkit-flex;
    display: -ms-flexbox;
    display: flex;
    -webkit-flex-direction: column;
    -ms-flex-direction: column;
    flex-direction: column;
    -webkit-box-pack: center;
    -ms-flex-pack: center;
    -webkit-justify-content: center;
    justify-content: center;
  }
}

.emotion-1 {
  display: -webkit-box;
  display: -webkit-flex;
  display: -ms-flexbox;
  display: flex;
  -webkit-box-pack: center;
  -ms-flex-pack: center;
  -webkit-justify-content: center;
  justify-content: center;
  -webkit-align-items: center;
  -webkit-box-align: center;
  -ms-flex-align: center;
  align-items: center;
  padding-bottom: 100px;
}

<header
  class="emotion-0"
>
  <div
    style="opacity: 0; transform: translateY(-200px) translateZ(0);"
  />
  <div
    class="emotion-1"
  >
    <svg
      aria-hidden="true"
      class="MuiSvgIcon-root"
      focusable="false"
      viewBox="0 0 24 24"
    >
      <path
        d="M22 11h-4.17l3.24-3.24-1.41-1.42L15 11h-2V9l4.66-4.66-1.42-1.41L13 6.17V2h-2v4.17L7.76 2.93 6.34 4.34 11 9v2H9L4.34 6.34 2.93 7.76 6.17 11H2v2h4.17l-3.24 3.24 1.41 1.42L9 13h2v2l-4.66 4.66 1.42 1.41L11 17.83V22h2v-4.17l3.24 3.24 1.42-1.41L13 15v-2h2l4.66 4.66 1.41-1.42L17.83 13H22z"
      />
    </svg>
  </div>
</header>
`;
